// Jest Snapshot v1, https://goo.gl/fbAQLP

exports[`Button Component renders Button Component with provided text 1`] = `
<div>
  <button
    class=""
    tabindex="0"
    type="button"
  >
    Button component
  </button>
</div>
`;
