// Jest Snapshot v1, https://goo.gl/fbAQLP

exports[`BrandLogo Component renders BrandLogo Component with provided text 1`] = `
<div>
  <h1
    class="brand-logo"
  >
    <a
      href="/"
    >
      netflix
      <span
        class="font--regular"
      >
        roulette
      </span>
    </a>
  </h1>
</div>
`;
