// Jest Snapshot v1, https://goo.gl/fbAQLP

exports[`DatePicker Component renders DatePicker Component with provided label 1`] = `<div />`;
