// Jest Snapshot v1, https://goo.gl/fbAQLP

exports[`FormLabel Component doesnt render when label is not provided 1`] = `
<div>
  
</div>
`;

exports[`FormLabel Component renders with provided label 1`] = `
<div>
  <label
    class="form__label"
    for=""
  >
    My label
  </label>
</div>
`;
